// Jest Snapshot v1, https://goo.gl/fbAQLP

exports[`testign SearchBox 1`] = `
<div
  className="pa2"
>
  <input
    className="pa3 ba b--green bg-lightest-blue"
    placeholder="search robots"
    type="search"
  />
</div>
`;
